\BOOKMARK [1][-]{section.1}{\376\377\000I\000n\000t\000r\000o\000d\000u\000\347\000\343\000o}{}% 1
\BOOKMARK [1][-]{section.2}{\376\377\000A\000r\000q\000u\000i\000t\000e\000t\000u\000r\000a\000\040\000d\000a\000\040\000S\000o\000l\000u\000\347\000\343\000o}{}% 2
\BOOKMARK [1][-]{section.3}{\376\377\000P\000r\000o\000t\000o\000c\000o\000l\000o\000s\000\040\000I\000m\000p\000l\000e\000m\000e\000n\000t\000a\000d\000o\000s\000\040\000c\000o\000m\000\040\000E\000x\000e\000m\000p\000l\000o\000s\000\040\000d\000e\000\040\000F\000u\000n\000c\000i\000o\000n\000a\000m\000e\000n\000t\000o}{}% 3
\BOOKMARK [2][-]{subsection.3.1}{\376\377\000E\000s\000t\000a\000b\000e\000l\000e\000c\000i\000m\000e\000n\000t\000o\000\040\000e\000\040\000S\000e\000s\000s\000\343\000o\000\040\000I\000n\000i\000c\000i\000a\000l\000\040\000\050\000H\000E\000L\000L\000O\000\040\000/\000\040\000H\000E\000L\000L\000O\000\137\000O\000K\000\051}{section.3}% 4
\BOOKMARK [2][-]{subsection.3.2}{\376\377\000K\000e\000e\000p\000-\000A\000l\000i\000v\000e\000\040\000\050\000P\000I\000N\000G\000\040\000/\000\040\000P\000O\000N\000G\000\051}{section.3}% 5
\BOOKMARK [2][-]{subsection.3.3}{\376\377\000M\000e\000n\000s\000a\000g\000e\000n\000s\000\040\000d\000e\000\040\000C\000h\000a\000t\000\040\000e\000\040\000E\000n\000c\000e\000r\000r\000a\000m\000e\000n\000t\000o}{section.3}% 6
\BOOKMARK [1][-]{section.4}{\376\377\000I\000n\000t\000e\000r\000f\000a\000c\000e\000\040\000d\000e\000\040\000U\000s\000u\000\341\000r\000i\000o\000\040\000\050\000C\000L\000I\000\051}{}% 7
\BOOKMARK [1][-]{section.5}{\376\377\000I\000n\000s\000t\000r\000u\000\347\000\365\000e\000s\000\040\000D\000e\000t\000a\000l\000h\000a\000d\000a\000s\000\040\000p\000a\000r\000a\000\040\000E\000x\000e\000c\000u\000\347\000\343\000o}{}% 8
\BOOKMARK [2][-]{subsection.5.1}{\376\377\000R\000e\000q\000u\000i\000s\000i\000t\000o\000s\000\040\000M\000\355\000n\000i\000m\000o\000s\000\040\000p\000a\000r\000a\000\040\000E\000x\000e\000c\000u\000t\000a\000r\000\040\000o\000\040\000P\000r\000o\000g\000r\000a\000m\000a\000\040\000e\000m\000\040\000L\000i\000n\000u\000x}{section.5}% 9
\BOOKMARK [2][-]{subsection.5.2}{\376\377\000C\000o\000m\000p\000i\000l\000a\000\347\000\343\000o\000\040\000d\000o\000\040\000C\000\363\000d\000i\000g\000o}{section.5}% 10
\BOOKMARK [2][-]{subsection.5.3}{\376\377\000B\000i\000b\000l\000i\000o\000t\000e\000c\000a\000s\000\040\000N\000e\000c\000e\000s\000s\000\341\000r\000i\000a\000s\000\040\000e\000\040\000C\000o\000m\000o\000\040\000I\000n\000s\000t\000a\000l\000a\000d\000a\000s}{section.5}% 11
\BOOKMARK [2][-]{subsection.5.4}{\376\377\000P\000a\000s\000s\000o\000s\000\040\000N\000e\000c\000e\000s\000s\000\341\000r\000i\000o\000s\000\040\000p\000a\000r\000a\000\040\000E\000x\000e\000c\000u\000t\000a\000r\000\040\000o\000\040\000P\000r\000o\000g\000r\000a\000m\000a}{section.5}% 12
\BOOKMARK [1][-]{section.6}{\376\377\000A\000p\000\352\000n\000d\000i\000c\000e\000:\000\040\000C\000\363\000d\000i\000g\000o\000s\000-\000F\000o\000n\000t\000e}{}% 13
\BOOKMARK [2][-]{subsection.6.1}{\376\377\000m\000a\000i\000n\000.\000p\000y}{section.6}% 14
\BOOKMARK [2][-]{subsection.6.2}{\376\377\000c\000o\000n\000f\000i\000g\000.\000p\000y}{section.6}% 15
\BOOKMARK [2][-]{subsection.6.3}{\376\377\000c\000o\000n\000f\000i\000g\000.\000j\000s\000o\000n}{section.6}% 16
\BOOKMARK [2][-]{subsection.6.4}{\376\377\000l\000o\000g\000g\000i\000n\000g\000\137\000c\000o\000n\000f\000i\000g\000.\000p\000y}{section.6}% 17
\BOOKMARK [2][-]{subsection.6.5}{\376\377\000c\000l\000i\000.\000p\000y}{section.6}% 18
\BOOKMARK [2][-]{subsection.6.6}{\376\377\000m\000e\000s\000s\000a\000g\000e\000\137\000r\000o\000u\000t\000e\000r\000.\000p\000y}{section.6}% 19
\BOOKMARK [2][-]{subsection.6.7}{\376\377\000p\000e\000e\000r\000\137\000s\000e\000r\000v\000e\000r\000.\000p\000y}{section.6}% 20
\BOOKMARK [2][-]{subsection.6.8}{\376\377\000p\000e\000e\000r\000\137\000c\000o\000n\000n\000e\000c\000t\000i\000o\000n\000.\000p\000y}{section.6}% 21
\BOOKMARK [2][-]{subsection.6.9}{\376\377\000p\000e\000e\000r\000\137\000t\000a\000b\000l\000e\000.\000p\000y}{section.6}% 22
\BOOKMARK [2][-]{subsection.6.10}{\376\377\000r\000e\000n\000d\000e\000z\000v\000o\000u\000s\000\137\000c\000o\000n\000n\000e\000c\000t\000i\000o\000n\000.\000p\000y}{section.6}% 23
\BOOKMARK [2][-]{subsection.6.11}{\376\377\000r\000e\000c\000o\000n\000n\000e\000c\000t\000i\000o\000n\000\137\000m\000a\000n\000a\000g\000e\000r\000.\000p\000y}{section.6}% 24
